#-----------------------------------------------------------
# Vivado v2024.1 (64-bit)
# SW Build 5076996 on Wed May 22 18:37:14 MDT 2024
# IP Build 5075265 on Wed May 22 21:45:21 MDT 2024
# SharedData Build 5076995 on Wed May 22 18:29:18 MDT 2024
# Start of session at: Sat Dec 14 18:36:33 2024
# Process ID: 15680
# Current directory: C:/Users/Catarina/OneDrive/Catarina/Politehnica/An 3 sem 1/Verificare in proiectarea circuitelor/axigpio/axigpio.runs/axi_gpio_0_synth_1
# Command line: vivado.exe -log axi_gpio_0.vds -product Vivado -mode batch -messageDb vivado.pb -notrace -source axi_gpio_0.tcl
# Log file: C:/Users/Catarina/OneDrive/Catarina/Politehnica/An 3 sem 1/Verificare in proiectarea circuitelor/axigpio/axigpio.runs/axi_gpio_0_synth_1/axi_gpio_0.vds
# Journal file: C:/Users/Catarina/OneDrive/Catarina/Politehnica/An 3 sem 1/Verificare in proiectarea circuitelor/axigpio/axigpio.runs/axi_gpio_0_synth_1\vivado.jou
# Running On        :DESKTOP-MJAR3T8
# Platform          :Windows Server 2016 or Windows 10
# Operating System  :22631
# Processor Detail  :12th Gen Intel(R) Core(TM) i7-12700H
# CPU Frequency     :2688 MHz
# CPU Physical cores:14
# CPU Logical cores :20
# Host memory       :16831 MB
# Swap memory       :1476 MB
# Total Virtual     :18307 MB
# Available Virtual :7262 MB
#-----------------------------------------------------------
source axi_gpio_0.tcl -notrace
